// Jest Snapshot v1, https://goo.gl/fbAQLP

exports[`Error test route handler error route has a return value with a method of GET and path of /buy/throw-error 1`] = `
Array [
  Object {
    "handler": [Function],
    "method": "GET",
    "path": "/buy/throw-error",
  },
]
`;
