// Jest Snapshot v1, https://goo.gl/fbAQLP

exports[`getData getData returns expected outputs 1`] = `
Object {
  "advancedPurchaseMaxDays": 30,
  "expiryTimeString": Symbol(expiryDate),
  "hasExpired": undefined,
  "maxStartDate": "31 01 2023",
  "minStartDate": "01 01 2023",
}
`;
