// Jest Snapshot v1, https://goo.gl/fbAQLP

exports[`.getData returns the expected data 1`] = `
Object {
  "licensee": Object {
    "firstName": "Lando",
    "lastName": "Norris",
    "preferredMethodOfConfirmation": "email",
  },
  "uri": Object {
    "change": "licence-confirmation-method.url?change=mobile",
    "contact": undefined,
    "licenceConfirmationMethod": undefined,
  },
}
`;
