// Jest Snapshot v1, https://goo.gl/fbAQLP

exports[`recurring payments service processRecurringPayment should return a valid recurringPayment when transactionRecord.payment.recurring is present 1`] = `
Object {
  "agreementId": "435678",
  "cancelledDate": null,
  "cancelledReason": null,
  "endDate": 2023-11-12T00:00:00.000Z,
  "name": "Firstname Lastname 2023",
  "nextDueDate": 2023-11-02T00:00:00.000Z,
  "publicId": "abcdef99987",
  "status": 0,
}
`;
