// Jest Snapshot v1, https://goo.gl/fbAQLP

exports[`create-transactions adds record to staging exception 1`] = `
Object {
  "createTransactionError": Object {
    "error": "Fake error",
    "message": "Fake error message",
    "statusCode": 422,
  },
  "createTransactionPayload": Object {
    "dataSource": "Post Office Sales",
    "permissions": Array [
      Object {
        "issueDate": "2020-07-01T12:00:00.000Z",
        "licensee": Object {
          "birthDate": "1975-08-26",
          "country": "England",
          "email": "cleaver321@email.com",
          "firstName": "Daniel",
          "lastName": "Cleaver",
          "mobilePhone": "07763 722080",
          "postcode": "PL5 2AA",
          "preferredMethodOfConfirmation": "Email",
          "preferredMethodOfNewsletter": "Email",
          "preferredMethodOfReminder": "Email",
          "premises": "65",
          "street": "Groveside Close",
          "town": "Carshalton",
        },
        "permitId": "test",
        "startDate": "2020-07-01T14:00:00.000Z",
      },
    ],
    "serialNumber": "SERIAL 2",
  },
  "finaliseTransactionPayload": Object {
    "payment": Object {
      "amount": 82,
      "channelId": "21995X",
      "method": "Stamps",
      "source": "Post Office Sales",
      "timestamp": "2020-07-01T12:00:00.000Z",
    },
  },
  "id": "SERIAL 2",
  "stage": "Transaction Creation Failed",
}
`;
