// Jest Snapshot v1, https://goo.gl/fbAQLP

exports[`permissionRenewalData metadata should have expected description 1`] = `"Prepare data for renewing a permission based on the existing data"`;

exports[`permissionRenewalData metadata should have expected notes 1`] = `
"
        Prepare data for renewing a permission based on the existing data
      "
`;

exports[`permissionRenewalData metadata should have expected tags 1`] = `
Array [
  "api",
  "renewals",
]
`;

exports[`permissionRenewalData metadata should have expected validate 1`] = `
Object {
  "params": Object {
    "$_root": Object {
      "ValidationError": [Function],
      "_types": Set {
        "alternatives",
        "any",
        "array",
        "boolean",
        "date",
        "function",
        "link",
        "number",
        "object",
        "string",
        "symbol",
        "binary",
      },
      "allow": [Function],
      "alt": [Function],
      "alternatives": [Function],
      "any": [Function],
      "array": [Function],
      "assert": [Function],
      "attempt": [Function],
      "binary": [Function],
      "bool": [Function],
      "boolean": [Function],
      "build": [Function],
      "cache": Object {
        "provision": [Function],
      },
      "checkPreferences": [Function],
      "compile": [Function],
      "custom": [Function],
      "date": [Function],
      "defaults": [Function],
      "disallow": [Function],
      "equal": [Function],
      "exist": [Function],
      "expression": [Function],
      "extend": [Function],
      "forbidden": [Function],
      "func": [Function],
      "function": [Function],
      "in": [Function],
      "invalid": [Function],
      "isError": [Function],
      "isExpression": [Function],
      "isRef": [Function],
      "isSchema": [Function],
      "link": [Function],
      "not": [Function],
      "number": [Function],
      "object": [Function],
      "only": [Function],
      "optional": [Function],
      "options": [Function],
      "override": Symbol(override),
      "preferences": [Function],
      "prefs": [Function],
      "ref": [Function],
      "required": [Function],
      "string": [Function],
      "strip": [Function],
      "symbol": [Function],
      "trace": [Function],
      "types": [Function],
      "untrace": [Function],
      "valid": [Function],
      "version": "17.6.0",
      "when": [Function],
      "x": [Function],
      Symbol(@hapi/lab/coverage/initialize): [Function],
    },
    "$_super": Object {
      "default": [Function],
    },
    "$_temp": Object {
      "ruleset": false,
      "whens": Object {},
    },
    "$_terms": Object {
      "alterations": null,
      "dependencies": null,
      "examples": null,
      "externals": null,
      "keys":  [
        Object {
          "key": "referenceNumber",
          "schema": Object {
            "$_root": Object {
              "ValidationError": [Function],
              "_types": Set {
                "alternatives",
                "any",
                "array",
                "boolean",
                "date",
                "function",
                "link",
                "number",
                "object",
                "string",
                "symbol",
                "binary",
              },
              "allow": [Function],
              "alt": [Function],
              "alternatives": [Function],
              "any": [Function],
              "array": [Function],
              "assert": [Function],
              "attempt": [Function],
              "binary": [Function],
              "bool": [Function],
              "boolean": [Function],
              "build": [Function],
              "cache": Object {
                "provision": [Function],
              },
              "checkPreferences": [Function],
              "compile": [Function],
              "custom": [Function],
              "date": [Function],
              "defaults": [Function],
              "disallow": [Function],
              "equal": [Function],
              "exist": [Function],
              "expression": [Function],
              "extend": [Function],
              "forbidden": [Function],
              "func": [Function],
              "function": [Function],
              "in": [Function],
              "invalid": [Function],
              "isError": [Function],
              "isExpression": [Function],
              "isRef": [Function],
              "isSchema": [Function],
              "link": [Function],
              "not": [Function],
              "number": [Function],
              "object": [Function],
              "only": [Function],
              "optional": [Function],
              "options": [Function],
              "override": Symbol(override),
              "preferences": [Function],
              "prefs": [Function],
              "ref": [Function],
              "required": [Function],
              "string": [Function],
              "strip": [Function],
              "symbol": [Function],
              "trace": [Function],
              "types": [Function],
              "untrace": [Function],
              "valid": [Function],
              "version": "17.6.0",
              "when": [Function],
              "x": [Function],
              Symbol(@hapi/lab/coverage/initialize): [Function],
            },
            "$_super": Object {},
            "$_temp": Object {
              "ruleset": false,
              "whens": Object {},
            },
            "$_terms": Object {
              "alterations": null,
              "examples": Array [
                "17030621-3WC3FFT-B6HLG9",
              ],
              "externals": null,
              "metas": Array [],
              "notes": Array [],
              "replacements": null,
              "shared": null,
              "tags": Array [],
              "whens": null,
            },
            "_cache": null,
            "_flags": Object {
              "description": "The permission reference number",
              "presence": "required",
            },
            "_ids": Object {
              "_byId": Map {},
              "_byKey": Map {},
              "_schemaChain": false,
            },
            "_invalids": null,
            "_preferences": null,
            "_refs": Object {
              "refs": Array [],
            },
            "_rules": Array [
              Object {
                "_resolve": Array [],
                "args": Object {
                  "enabled": true,
                },
                "method": "trim",
                "name": "trim",
              },
              Object {
                "_resolve": Array [],
                "args": Object {
                  "direction": "upper",
                },
                "method": "case",
                "name": "case",
              },
              Object {
                "_resolve": Array [],
                "args": Object {
                  "options": Object {},
                  "regex": /\\^\\\\d\\{8\\}-\\\\d\\[A-Z\\]\\{2\\}\\\\d\\[A-Z\\]\\{3\\}-\\[A-Z0-9\\]\\{6\\}\\$/,
                },
                "errorCode": "string.pattern.base",
                "method": "pattern",
                "name": "pattern",
              },
            ],
            "_singleRules": Map {
              "trim" => Object {
                "_resolve": Array [],
                "args": Object {
                  "enabled": true,
                },
                "method": "trim",
                "name": "trim",
              },
              "case" => Object {
                "_resolve": Array [],
                "args": Object {
                  "direction": "upper",
                },
                "method": "case",
                "name": "case",
              },
            },
            "_valids": null,
            "type": "string",
          },
        },
      ],
      "metas": Array [],
      "notes": Array [],
      "patterns": null,
      "renames": null,
      "shared": null,
      "tags": Array [],
      "whens": null,
    },
    "_cache": null,
    "_flags": Object {
      "label": "permission-renewal-data-request-params",
    },
    "_ids": Object {
      "_byId": Map {},
      "_byKey": Map {
        "referenceNumber" => Object {
          "id": "referenceNumber",
          "schema": Object {
            "$_root": Object {
              "ValidationError": [Function],
              "_types": Set {
                "alternatives",
                "any",
                "array",
                "boolean",
                "date",
                "function",
                "link",
                "number",
                "object",
                "string",
                "symbol",
                "binary",
              },
              "allow": [Function],
              "alt": [Function],
              "alternatives": [Function],
              "any": [Function],
              "array": [Function],
              "assert": [Function],
              "attempt": [Function],
              "binary": [Function],
              "bool": [Function],
              "boolean": [Function],
              "build": [Function],
              "cache": Object {
                "provision": [Function],
              },
              "checkPreferences": [Function],
              "compile": [Function],
              "custom": [Function],
              "date": [Function],
              "defaults": [Function],
              "disallow": [Function],
              "equal": [Function],
              "exist": [Function],
              "expression": [Function],
              "extend": [Function],
              "forbidden": [Function],
              "func": [Function],
              "function": [Function],
              "in": [Function],
              "invalid": [Function],
              "isError": [Function],
              "isExpression": [Function],
              "isRef": [Function],
              "isSchema": [Function],
              "link": [Function],
              "not": [Function],
              "number": [Function],
              "object": [Function],
              "only": [Function],
              "optional": [Function],
              "options": [Function],
              "override": Symbol(override),
              "preferences": [Function],
              "prefs": [Function],
              "ref": [Function],
              "required": [Function],
              "string": [Function],
              "strip": [Function],
              "symbol": [Function],
              "trace": [Function],
              "types": [Function],
              "untrace": [Function],
              "valid": [Function],
              "version": "17.6.0",
              "when": [Function],
              "x": [Function],
              Symbol(@hapi/lab/coverage/initialize): [Function],
            },
            "$_super": Object {},
            "$_temp": Object {
              "ruleset": false,
              "whens": Object {},
            },
            "$_terms": Object {
              "alterations": null,
              "examples": Array [
                "17030621-3WC3FFT-B6HLG9",
              ],
              "externals": null,
              "metas": Array [],
              "notes": Array [],
              "replacements": null,
              "shared": null,
              "tags": Array [],
              "whens": null,
            },
            "_cache": null,
            "_flags": Object {
              "description": "The permission reference number",
              "presence": "required",
            },
            "_ids": Object {
              "_byId": Map {},
              "_byKey": Map {},
              "_schemaChain": false,
            },
            "_invalids": null,
            "_preferences": null,
            "_refs": Object {
              "refs": Array [],
            },
            "_rules": Array [
              Object {
                "_resolve": Array [],
                "args": Object {
                  "enabled": true,
                },
                "method": "trim",
                "name": "trim",
              },
              Object {
                "_resolve": Array [],
                "args": Object {
                  "direction": "upper",
                },
                "method": "case",
                "name": "case",
              },
              Object {
                "_resolve": Array [],
                "args": Object {
                  "options": Object {},
                  "regex": /\\^\\\\d\\{8\\}-\\\\d\\[A-Z\\]\\{2\\}\\\\d\\[A-Z\\]\\{3\\}-\\[A-Z0-9\\]\\{6\\}\\$/,
                },
                "errorCode": "string.pattern.base",
                "method": "pattern",
                "name": "pattern",
              },
            ],
            "_singleRules": Map {
              "trim" => Object {
                "_resolve": Array [],
                "args": Object {
                  "enabled": true,
                },
                "method": "trim",
                "name": "trim",
              },
              "case" => Object {
                "_resolve": Array [],
                "args": Object {
                  "direction": "upper",
                },
                "method": "case",
                "name": "case",
              },
            },
            "_valids": null,
            "type": "string",
          },
        },
      },
      "_schemaChain": false,
    },
    "_invalids": null,
    "_preferences": null,
    "_refs": Object {
      "refs": Array [],
    },
    "_rules": Array [],
    "_singleRules": Map {},
    "_valids": null,
    "type": "object",
  },
}
`;
